{
    "contraCheque": [
        {
            "idContraCheque": "mppr/1/2019/1",
            "chaveColeta": "mppr/1/2019",
            "nome": "ADAUTO SALVADOR REIS FACCO",
            "funcao": "PROMOTOR DE JUSTICA",
            "localTrabalho": "CURITIBA - 1a. VARA CIVEL",
            "ativo": true,
            "remuneracoes": {
                "remuneracao": [
                    {
                        "categoria": "contracheque_2019",
                        "item": "Remuneração do Cargo Efetivo",
                        "valor": 33689.11
                    },
                    {
                        "categoria": "contracheque_2019",
                        "item": "Outras Verbas Remuneratórias Legais/Judiciais",
                        "tipoReceita": "O"
                    },
                    {
                        "categoria": "contracheque_2019",
                        "item": "Função de Confiança ou Cargo em Comissão",
                        "tipoReceita": "O"
                    },
                    {
                        "categoria": "contracheque_2019",
                        "item": "13o. Salário",
                        "tipoReceita": "O"
                    },
                    {
                        "categoria": "contracheque_2019",
                        "item": "Adicional de Férias",
                        "tipoReceita": "O"
                    },
                    {
                        "categoria": "contracheque_2019",
                        "item": "Abono de Permanência",
                        "valor": 3705.8,
                        "tipoReceita": "O"
                    },
                    {
                        "categoria": "contracheque_2019",
                        "item": "Outras Remunerações Temporárias",
                        "tipoReceita": "O"
                    },
                    {
                        "natureza": "D",
                        "categoria": "contracheque_2019",
                        "item": "Contribuição Previdenciária",
                        "valor": -3705.8
                    },
                    {
                        "natureza": "D",
                        "categoria": "contracheque_2019",
                        "item": "Imposto de Renda",
                        "valor": -8343.0
                    },
                    {
                        "natureza": "D",
                        "categoria": "contracheque_2019",
                        "item": "Retenção do Teto"
                    },
                    {
                        "categoria": "indenizacoes_2019",
                        "item": "Auxílio alimentação",
                        "valor": 967.34,
                        "tipoReceita": "O"
                    },
                    {
                        "categoria": "indenizacoes_2019",
                        "item": "Auxílio saúde",
                        "valor": 1077.65,
                        "tipoReceita": "O"
                    },
                    {
                        "categoria": "indenizacoes_2019",
                        "item": "Auxílio Pré Escolar",
                        "tipoReceita": "O"
                    },
                    {
                        "categoria": "indenizacoes_2019",
                        "item": "Auxílio Cursos",
                        "tipoReceita": "O"
                    },
                    {
                        "categoria": "indenizacoes_2019",
                        "item": "Auxílio Moradia",
                        "tipoReceita": "O"
                    },
                    {
                        "categoria": "indenizacoes_2019",
                        "item": "Adicional Noturno",
                        "tipoReceita": "O"
                    },
                    {
                        "categoria": "indenizacoes_2019",
                        "item": "Serviço Extraor.",
                        "tipoReceita": "O"
                    },
                    {
                        "categoria": "indenizacoes_2019",
                        "item": "Substituição de Função",
                        "tipoReceita": "O"
                    },
                    {
                        "categoria": "indenizacoes_2019",
                        "item": "Cumulações",
                        "tipoReceita": "O"
                    }
                ]
            }
        }
    ]
}